../Core/Src/main.c:90:5:main	8	static
../Core/Src/main.c:142:6:SystemClock_Config	72	static
../Core/Src/main.c:179:13:MX_I2C1_Init	8	static
../Core/Src/main.c:213:13:MX_USART2_UART_Init	8	static
../Core/Src/main.c:246:13:MX_GPIO_Init	40	static
../Core/Src/main.c:279:13:ADS1115_Init	8	static
../Core/Src/main.c:287:13:ADS1115_Select_Register	32	static
../Core/Src/main.c:292:13:ADS1115_Write	32	static
../Core/Src/main.c:302:16:ADS1115_Read	72	static
../Core/Src/main.c:312:26:I2C_Transmit	88	static
../Core/Src/main.c:325:26:I2C_Receive	88	static
../Core/Src/main.c:344:6:Error_Handler	4	static,ignoring_inline_asm
