../Core/Src/main.c:74:5:main	112	static
../Core/Src/main.c:144:6:SystemClock_Config	96	static
../Core/Src/main.c:188:13:MX_ADC1_Init	24	static
../Core/Src/main.c:235:13:MX_TIM3_Init	32	static
../Core/Src/main.c:280:13:MX_UART5_Init	8	static
../Core/Src/main.c:311:13:MX_DMA_Init	16	static
../Core/Src/main.c:329:13:MX_GPIO_Init	40	static
../Core/Src/main.c:359:6:HAL_ADC_ConvHalfCpltCallback	24	static
../Core/Src/main.c:368:6:HAL_ADC_ConvCpltCallback	24	static
../Core/Src/main.c:382:6:Error_Handler	4	static,ignoring_inline_asm
